------------------------------------------------------------
TimeQuest Timing Analyzer Summary
------------------------------------------------------------

Type  : Slow 1200mV 85C Model Setup 'sys_clk'
Slack : -2.204
TNS   : -40.973

Type  : Slow 1200mV 85C Model Setup 'cnt[19]'
Slack : -1.826
TNS   : -7.304

Type  : Slow 1200mV 85C Model Hold 'sys_clk'
Slack : 0.075
TNS   : 0.000

Type  : Slow 1200mV 85C Model Hold 'cnt[19]'
Slack : 0.342
TNS   : 0.000

Type  : Slow 1200mV 85C Model Minimum Pulse Width 'sys_clk'
Slack : -3.000
TNS   : -58.019

Type  : Slow 1200mV 85C Model Minimum Pulse Width 'cnt[19]'
Slack : -1.487
TNS   : -5.948

Type  : Slow 1200mV 0C Model Setup 'sys_clk'
Slack : -1.838
TNS   : -33.810

Type  : Slow 1200mV 0C Model Setup 'cnt[19]'
Slack : -1.627
TNS   : -6.508

Type  : Slow 1200mV 0C Model Hold 'sys_clk'
Slack : 0.235
TNS   : 0.000

Type  : Slow 1200mV 0C Model Hold 'cnt[19]'
Slack : 0.323
TNS   : 0.000

Type  : Slow 1200mV 0C Model Minimum Pulse Width 'sys_clk'
Slack : -3.000
TNS   : -58.019

Type  : Slow 1200mV 0C Model Minimum Pulse Width 'cnt[19]'
Slack : -1.487
TNS   : -5.948

Type  : Fast 1200mV 0C Model Setup 'sys_clk'
Slack : -0.425
TNS   : -1.514

Type  : Fast 1200mV 0C Model Setup 'cnt[19]'
Slack : -0.296
TNS   : -1.184

Type  : Fast 1200mV 0C Model Hold 'sys_clk'
Slack : -0.184
TNS   : -0.184

Type  : Fast 1200mV 0C Model Hold 'cnt[19]'
Slack : 0.182
TNS   : 0.000

Type  : Fast 1200mV 0C Model Minimum Pulse Width 'sys_clk'
Slack : -3.000
TNS   : -42.284

Type  : Fast 1200mV 0C Model Minimum Pulse Width 'cnt[19]'
Slack : -1.000
TNS   : -4.000

------------------------------------------------------------
